◇ injected env (2) from .env.local // tip: ◈ secrets for agents [www.dotenvx.com]
◇ injected env (0) from .env // tip: ◈ encrypted .env [www.dotenvx.com]
[Crossmint] API key not configured — wallet & NFT features disabled
[Crossmint] API key not configured — wallet & NFT features disabled
[boot] Starting grudge-api...
[boot] NODE_ENV: development
[boot] PORT: undefined
[boot] DATABASE_URL set: true
[boot] DATABASE_URL length: 92
[boot] RAILWAY_ENVIRONMENT_ID: not set
[boot] cwd: E:\Grudge-Builder
◇ injected env (0) from .env.local // tip: ⌘ enable debugging { debug: true }
◇ injected env (0) from .env // tip: ⌁ auth for agents [www.vestauth.com]
[boot] __dirname resolved to: E:\Grudge-Builder\server
[boot] All imports loaded successfully
[Auth] Routes registered: /api/auth/{puter,wallet,login,register,verify,me,puter-link,discord/callback,google/start,phone/send,phone/verify}
[mapAdmin] Map + admin routes registered
[colyseus] Game server initialized
[colyseus] Playground available at /colyseus-playground
[colyseus] Monitor available at /colyseus
[proxy] Registered 1 backend proxy rules for local dev
12:08:37 PM [express] serving on port 5000
